// Jest Snapshot v1, https://goo.gl/fbAQLP

exports[`custom-button matches the snapshot 1`] = `
[
  <custom-button />,
  ShadowRoot {},
  <button
    class="short"
  >
    
			  
    <slot />
    
			
  </button>,
  <slot />,
  <style>
    
	button {
		background-color: #a0522d;
		border: none;
    border-radius: 10px;
		color: white;
    cursor: pointer;
		padding: 15px 10px;
		text-align: center;
		text-decoration: none;
		font-size: 1rem;
		min-width: 6.25rem;
		height: 3.125rem
	}

  </style>,
]
`;

exports[`custom-button matches the snapshot slot 1`] = `
[
  <custom-button />,
  ShadowRoot {},
  <button
    class="short"
  >
    
			  
    <slot />
    
			
  </button>,
  <slot />,
  <style>
    
	button {
		background-color: #a0522d;
		border: none;
    border-radius: 10px;
		color: white;
    cursor: pointer;
		padding: 15px 10px;
		text-align: center;
		text-decoration: none;
		font-size: 1rem;
		min-width: 6.25rem;
		height: 3.125rem
	}

  </style>,
]
`;
