// Jest Snapshot v1, https://goo.gl/fbAQLP

exports[`custom-select custom-select matches the snapshot 1`] = `"[36m<custom-select />[39m"`;
